// Jest Snapshot v1, https://goo.gl/fbAQLP

exports[`ProcessListPage tests Snapshot 1`] = `
<BrowserRouter>
  <Router
    history={
      Object {
        "action": "POP",
        "block": [Function],
        "createHref": [Function],
        "go": [Function],
        "goBack": [Function],
        "goForward": [Function],
        "length": 1,
        "listen": [Function],
        "location": Object {
          "hash": "",
          "pathname": "/",
          "search": "",
          "state": undefined,
        },
        "push": [Function],
        "replace": [Function],
      }
    }
  >
    <ProcessListPage
      history={
        Object {
          "action": "POP",
          "block": [Function],
          "createHref": [Function],
          "go": [Function],
          "goBack": [Function],
          "goForward": [Function],
          "length": 1,
          "listen": [Function],
          "location": Object {
            "hash": "",
            "pathname": "/",
            "search": "",
            "state": undefined,
          },
          "push": [Function],
          "replace": [Function],
        }
      }
      location={
        Object {
          "hash": "",
          "pathname": "/",
          "search": "",
          "state": undefined,
        }
      }
      match={
        Object {
          "isExact": false,
          "params": Object {
            "instanceID": "8035b580-6ae4-4aa8-9ec0-e18e19809e0b",
          },
          "path": "",
          "url": "",
        }
      }
    >
      <PageSectionHeader
        titleText="Process Instances"
      >
        <PageSection
          data-ouia-component-type="page-section-header"
          data-ouia-safe={true}
          variant="light"
        >
          <section
            className="pf-c-page__main-section pf-m-light"
            data-ouia-component-type="page-section-header"
            data-ouia-safe={true}
          >
            <PageTitle
              title="Process Instances"
            >
              <Flex
                data-ouia-component-type="page-title"
                data-ouia-safe={true}
              >
                <div
                  className="pf-l-flex"
                  data-ouia-component-type="page-title"
                  data-ouia-safe={true}
                >
                  <FlexItem
                    spacer={
                      Object {
                        "default": "spacerSm",
                      }
                    }
                  >
                    <div
                      className="pf-m-spacer-sm"
                    >
                      <Title
                        headingLevel="h1"
                        size="4xl"
                      >
                        <h1
                          className="pf-c-title pf-m-4xl"
                        >
                          Process Instances
                        </h1>
                      </Title>
                    </div>
                  </FlexItem>
                </div>
              </Flex>
            </PageTitle>
          </section>
        </PageSection>
      </PageSectionHeader>
      <PageSection
        data-ouia-component-type="page-section-content"
        data-ouia-safe={true}
      >
        <section
          className="pf-c-page__main-section"
          data-ouia-component-type="page-section-content"
          data-ouia-safe={true}
        >
          <Card
            className="Dev-ui__card-size"
          >
            <article
              className="pf-c-card Dev-ui__card-size"
              data-ouia-component-id="OUIA-Generated-Card-1"
              data-ouia-component-type="PF4/Card"
              data-ouia-safe={true}
              id=""
            >
              <MockedProcessListContainer />
            </article>
          </Card>
        </section>
      </PageSection>
    </ProcessListPage>
  </Router>
</BrowserRouter>
`;
