// Jest Snapshot v1, https://goo.gl/fbAQLP

exports[`FormDetailsPage tests Snapshot 1`] = `
<BrowserRouter>
  <Router
    history={
      Object {
        "action": "POP",
        "block": [Function],
        "createHref": [Function],
        "go": [Function],
        "goBack": [Function],
        "goForward": [Function],
        "length": 1,
        "listen": [Function],
        "location": Object {
          "hash": "",
          "pathname": "/",
          "search": "",
          "state": undefined,
        },
        "push": [Function],
        "replace": [Function],
      }
    }
  >
    <FormDetailsPage>
      <PageSection
        variant="light"
      >
        <section
          className="pf-c-page__main-section pf-m-light"
        >
          <PageTitle
            extra={
              <Label
                variant="outline"
              >
                html
              </Label>
            }
            title="form1"
          >
            <Flex
              data-ouia-component-type="page-title"
              data-ouia-safe={true}
            >
              <div
                className="pf-l-flex"
                data-ouia-component-type="page-title"
                data-ouia-safe={true}
              >
                <FlexItem
                  spacer={
                    Object {
                      "default": "spacerSm",
                    }
                  }
                >
                  <div
                    className="pf-m-spacer-sm"
                  >
                    <Title
                      headingLevel="h1"
                      size="4xl"
                    >
                      <h1
                        className="pf-c-title pf-m-4xl"
                      >
                        form1
                      </h1>
                    </Title>
                  </div>
                </FlexItem>
                <FlexItem
                  spacer={
                    Object {
                      "default": "spacerSm",
                    }
                  }
                >
                  <div
                    className="pf-m-spacer-sm"
                  >
                    <Label
                      variant="outline"
                    >
                      <span
                        className="pf-c-label pf-m-outline"
                      >
                        <span
                          className="pf-c-label__content"
                        >
                          html
                        </span>
                      </span>
                    </Label>
                  </div>
                </FlexItem>
              </div>
            </Flex>
          </PageTitle>
          <Text
            component="p"
            style={
              Object {
                "marginTop": "10px",
              }
            }
          >
            <p
              className=""
              data-ouia-component-id="OUIA-Generated-Text-1"
              data-ouia-component-type="PF4/Text"
              data-ouia-safe={true}
              data-pf-content={true}
              style={
                Object {
                  "marginTop": "10px",
                }
              }
            >
              <span
                style={
                  Object {
                    "fontWeight": "bold",
                  }
                }
              >
                Last modified:
              </span>
               
              <t
                ago={false}
                calendar={false}
                decimal={false}
                element={null}
                filter={[Function]}
                fromNow={true}
                interval={60000}
                local={false}
                onChange={[Function]}
                titleFormat=""
                toNow={false}
                unit={null}
                unix={false}
                utc={false}
                withTitle={false}
              >
                <time
                  dateTime={"2021-08-23T13:26:02.130Z"}
                >
                  in a year
                </time>
              </t>
            </p>
          </Text>
        </section>
      </PageSection>
      <PageSection>
        <section
          className="pf-c-page__main-section"
        >
          <Card
            className="Dev-ui__card-size"
          >
            <article
              className="pf-c-card Dev-ui__card-size"
              data-ouia-component-id="OUIA-Generated-Card-1"
              data-ouia-component-type="PF4/Card"
              data-ouia-safe={true}
              id=""
            >
              <MockedFormDetailsContainer
                formData={
                  Object {
                    "lastModified": 2021-08-23T13:26:02.130Z,
                    "name": "form1",
                    "type": "html",
                  }
                }
                onError={[Function]}
                onSuccess={[Function]}
              />
            </article>
          </Card>
        </section>
      </PageSection>
    </FormDetailsPage>
  </Router>
</BrowserRouter>
`;
