// Jest Snapshot v1, https://goo.gl/fbAQLP

exports[`EmbeddedCustomDashboardView tests Snapshot 1`] = `
<div>
  <div />
</div>
`;
