// Jest Snapshot v1, https://goo.gl/fbAQLP

exports[`CustomDashboardViewEnvelopeView tests Snapshot 1`] = `<div />`;

exports[`CustomDashboardViewEnvelopeView tests Snapshot 2`] = `
<iframe
  data-ouia-component-type="customDashboard-view"
  data-ouia-safe="true"
  id="db"
  src="resources/webapp/custom-dashboard-view/dashbuilder/index.html"
  style="width: 100%; height: 100%; padding: 10px;"
/>
`;
