// Jest Snapshot v1, https://goo.gl/fbAQLP

exports[`JobsManagementEnvelopeView tests Snapshot 1`] = `null`;

exports[`JobsManagementEnvelopeView tests Snapshot 2`] = `
<ForwardRef
  channelApi={
    Object {
      "notifications": Object {
        "jobList__sortBy": [MockFunction],
      },
      "requests": Object {
        "jobList__applyFilter": [MockFunction],
        "jobList__bulkCancel": [MockFunction],
        "jobList__initialLoad": [MockFunction],
        "jobList__query": [MockFunction],
        "jobList_cancelJob": [MockFunction],
        "jobList_rescheduleJob": [MockFunction],
        "jobList_sortBy": [MockFunction],
      },
      "subscribe": [MockFunction],
      "unsubscribe": [MockFunction],
    }
  }
>
  <MockedJobsManagement
    driver={
      JobsManagementEnvelopeViewDriver {
        "channelApi": Object {
          "notifications": Object {
            "jobList__sortBy": [MockFunction],
          },
          "requests": Object {
            "jobList__applyFilter": [MockFunction],
            "jobList__bulkCancel": [MockFunction],
            "jobList__initialLoad": [MockFunction],
            "jobList__query": [MockFunction],
            "jobList_cancelJob": [MockFunction],
            "jobList_rescheduleJob": [MockFunction],
            "jobList_sortBy": [MockFunction],
          },
          "subscribe": [MockFunction],
          "unsubscribe": [MockFunction],
        },
      }
    }
    isEnvelopeConnectedToChannel={true}
  />
</ForwardRef>
`;
