// Jest Snapshot v1, https://goo.gl/fbAQLP

exports[`WebApp - JobsManagementContainer tests Snapshot test with default values 1`] = `
<JobsManagementContainer>
  <ForwardRef
    driver={null}
    targetOrigin="http://localhost"
  >
    <ForwardRef>
      <div />
    </ForwardRef>
  </ForwardRef>
</JobsManagementContainer>
`;
