// Jest Snapshot v1, https://goo.gl/fbAQLP

exports[`TaskInboxContainer tests TaskInboxContainer snapshot test 1`] = `
<TaskInboxContainer>
  <MockUserTaskPageHeader />
  <PageSection>
    <section
      className="pf-c-page__main-section"
    >
      <Grid
        hasGutter={true}
        md={1}
      >
        <div
          className="pf-l-grid pf-m-all-1-col-on-md pf-m-gutter"
        >
          <GridItem
            span={12}
          >
            <div
              className="pf-l-grid__item pf-m-12-col"
            >
              <Card>
                <article
                  className="pf-c-card"
                  data-ouia-component-id="OUIA-Generated-Card-1"
                  data-ouia-component-type="PF4/Card"
                  data-ouia-safe={true}
                  id=""
                >
                  <MockedTaskInbox />
                </article>
              </Card>
            </div>
          </GridItem>
        </div>
      </Grid>
    </section>
  </PageSection>
</TaskInboxContainer>
`;
