// Jest Snapshot v1, https://goo.gl/fbAQLP

exports[`Form Footer test Snapshot testing 1`] = `
<FormNotification
  closeAction={[MockFunction]}
  message="The form has been submitted"
>
  <Modal
    actions={
      Array [
        <Button
          onClick={[MockFunction]}
          variant="primary"
        >
          OK
        </Button>,
      ]
    }
    appendTo={
      <body
        class="pf-c-backdrop__open"
      >
        <div>
          <div
            class="pf-c-backdrop"
          >
            <div
              class="pf-l-bullseye"
            >
              <div
                aria-describedby="pf-modal-part-2"
                aria-modal="true"
                class="pf-c-modal-box pf-m-sm"
                data-ouia-component-id="0"
                data-ouia-component-type="PF4/ModalContent"
                data-ouia-safe="true"
                id="pf-modal-part-0"
                role="dialog"
              >
                <button
                  aria-disabled="false"
                  aria-label="Close"
                  class="pf-c-button pf-m-plain"
                  data-ouia-component-id="1"
                  data-ouia-component-type="PF4/Button"
                  data-ouia-safe="true"
                  type="button"
                >
                  <svg
                    aria-hidden="true"
                    fill="currentColor"
                    height="1em"
                    role="img"
                    style="vertical-align: -0.125em;"
                    viewBox="0 0 352 512"
                    width="1em"
                  >
                    <path
                      d="M242.72 256l100.07-100.07c12.28-12.28 12.28-32.19 0-44.48l-22.24-22.24c-12.28-12.28-32.19-12.28-44.48 0L176 189.28 75.93 89.21c-12.28-12.28-32.19-12.28-44.48 0L9.21 111.45c-12.28 12.28-12.28 32.19 0 44.48L109.28 256 9.21 356.07c-12.28 12.28-12.28 32.19 0 44.48l22.24 22.24c12.28 12.28 32.2 12.28 44.48 0L176 322.72l100.07 100.07c12.28 12.28 32.2 12.28 44.48 0l22.24-22.24c12.28-12.28 12.28-32.19 0-44.48L242.72 256z"
                      transform=""
                    />
                  </svg>
                </button>
                <header
                  class="pf-c-modal-box__header"
                >
                  <h1
                    class="pf-c-title pf-m-2xl"
                  >
                    Executing Task
                  </h1>
                </header>
                <div
                  class="pf-c-modal-box__body"
                  id="pf-modal-part-2"
                >
                  <div
                    class="pf-c-content"
                  >
                    <p
                      class=""
                      data-pf-content="true"
                    >
                      The form has been submitted
                    </p>
                  </div>
                </div>
                <footer
                  class="pf-c-modal-box__footer"
                >
                  <button
                    aria-disabled="false"
                    class="pf-c-button pf-m-primary"
                    data-ouia-component-id="2"
                    data-ouia-component-type="PF4/Button"
                    data-ouia-safe="true"
                    type="button"
                  >
                    OK
                  </button>
                </footer>
              </div>
            </div>
          </div>
        </div>
      </body>
    }
    aria-describedby=""
    aria-label=""
    aria-labelledby=""
    className=""
    hasNoBodyWrapper={false}
    header={
      <Title
        headingLevel="h1"
        size="2xl"
      >
        Executing Task
      </Title>
    }
    isOpen={true}
    onClose={[MockFunction]}
    ouiaSafe={true}
    showClose={true}
    title=""
    variant="small"
  >
    <Portal
      containerInfo={
        <div>
          <div
            class="pf-c-backdrop"
          >
            <div
              class="pf-l-bullseye"
            >
              <div
                aria-describedby="pf-modal-part-2"
                aria-modal="true"
                class="pf-c-modal-box pf-m-sm"
                data-ouia-component-id="0"
                data-ouia-component-type="PF4/ModalContent"
                data-ouia-safe="true"
                id="pf-modal-part-0"
                role="dialog"
              >
                <button
                  aria-disabled="false"
                  aria-label="Close"
                  class="pf-c-button pf-m-plain"
                  data-ouia-component-id="1"
                  data-ouia-component-type="PF4/Button"
                  data-ouia-safe="true"
                  type="button"
                >
                  <svg
                    aria-hidden="true"
                    fill="currentColor"
                    height="1em"
                    role="img"
                    style="vertical-align: -0.125em;"
                    viewBox="0 0 352 512"
                    width="1em"
                  >
                    <path
                      d="M242.72 256l100.07-100.07c12.28-12.28 12.28-32.19 0-44.48l-22.24-22.24c-12.28-12.28-32.19-12.28-44.48 0L176 189.28 75.93 89.21c-12.28-12.28-32.19-12.28-44.48 0L9.21 111.45c-12.28 12.28-12.28 32.19 0 44.48L109.28 256 9.21 356.07c-12.28 12.28-12.28 32.19 0 44.48l22.24 22.24c12.28 12.28 32.2 12.28 44.48 0L176 322.72l100.07 100.07c12.28 12.28 32.2 12.28 44.48 0l22.24-22.24c12.28-12.28 12.28-32.19 0-44.48L242.72 256z"
                      transform=""
                    />
                  </svg>
                </button>
                <header
                  class="pf-c-modal-box__header"
                >
                  <h1
                    class="pf-c-title pf-m-2xl"
                  >
                    Executing Task
                  </h1>
                </header>
                <div
                  class="pf-c-modal-box__body"
                  id="pf-modal-part-2"
                >
                  <div
                    class="pf-c-content"
                  >
                    <p
                      class=""
                      data-pf-content="true"
                    >
                      The form has been submitted
                    </p>
                  </div>
                </div>
                <footer
                  class="pf-c-modal-box__footer"
                >
                  <button
                    aria-disabled="false"
                    class="pf-c-button pf-m-primary"
                    data-ouia-component-id="2"
                    data-ouia-component-type="PF4/Button"
                    data-ouia-safe="true"
                    type="button"
                  >
                    OK
                  </button>
                </footer>
              </div>
            </div>
          </div>
        </div>
      }
    >
      <ModalContent
        actions={
          Array [
            <Button
              onClick={[MockFunction]}
              variant="primary"
            >
              OK
            </Button>,
          ]
        }
        aria-describedby=""
        aria-label=""
        aria-labelledby=""
        boxId="pf-modal-part-0"
        className=""
        descriptorId="pf-modal-part-2"
        hasNoBodyWrapper={false}
        header={
          <Title
            headingLevel="h1"
            size="2xl"
          >
            Executing Task
          </Title>
        }
        isOpen={true}
        labelId="pf-modal-part-1"
        onClose={[MockFunction]}
        ouiaSafe={true}
        showClose={true}
        title=""
        variant="small"
      >
        <Backdrop>
          <div
            className="pf-c-backdrop"
          >
            <FocusTrap
              active={true}
              className="pf-l-bullseye"
              focusTrapOptions={
                Object {
                  "clickOutsideDeactivates": true,
                }
              }
              paused={false}
            >
              <div
                className="pf-l-bullseye"
              >
                <ModalBox
                  aria-describedby="pf-modal-part-2"
                  aria-label=""
                  aria-labelledby=""
                  className=""
                  data-ouia-component-id={0}
                  data-ouia-component-type="PF4/ModalContent"
                  data-ouia-safe={true}
                  id="pf-modal-part-0"
                  style={Object {}}
                  variant="small"
                >
                  <div
                    aria-describedby="pf-modal-part-2"
                    aria-label={null}
                    aria-labelledby={null}
                    aria-modal="true"
                    className="pf-c-modal-box pf-m-sm"
                    data-ouia-component-id={0}
                    data-ouia-component-type="PF4/ModalContent"
                    data-ouia-safe={true}
                    id="pf-modal-part-0"
                    role="dialog"
                    style={Object {}}
                  >
                    <ModalBoxCloseButton
                      onClose={[MockFunction]}
                    >
                      <Button
                        aria-label="Close"
                        className=""
                        onClick={[MockFunction]}
                        variant="plain"
                      >
                        <button
                          aria-disabled={false}
                          aria-label="Close"
                          className="pf-c-button pf-m-plain"
                          data-ouia-component-id={1}
                          data-ouia-component-type="PF4/Button"
                          data-ouia-safe={true}
                          disabled={false}
                          onClick={[MockFunction]}
                          type="button"
                        >
                          <TimesIcon
                            color="currentColor"
                            noVerticalAlign={false}
                            size="sm"
                          >
                            <svg
                              aria-hidden={true}
                              aria-labelledby={null}
                              fill="currentColor"
                              height="1em"
                              role="img"
                              style={
                                Object {
                                  "verticalAlign": "-0.125em",
                                }
                              }
                              viewBox="0 0 352 512"
                              width="1em"
                            >
                              <path
                                d="M242.72 256l100.07-100.07c12.28-12.28 12.28-32.19 0-44.48l-22.24-22.24c-12.28-12.28-32.19-12.28-44.48 0L176 189.28 75.93 89.21c-12.28-12.28-32.19-12.28-44.48 0L9.21 111.45c-12.28 12.28-12.28 32.19 0 44.48L109.28 256 9.21 356.07c-12.28 12.28-12.28 32.19 0 44.48l22.24 22.24c12.28 12.28 32.2 12.28 44.48 0L176 322.72l100.07 100.07c12.28 12.28 32.2 12.28 44.48 0l22.24-22.24c12.28-12.28 12.28-32.19 0-44.48L242.72 256z"
                                transform=""
                              />
                            </svg>
                          </TimesIcon>
                        </button>
                      </Button>
                    </ModalBoxCloseButton>
                    <ModalBoxHeader>
                      <header
                        className="pf-c-modal-box__header"
                      >
                        <Title
                          headingLevel="h1"
                          size="2xl"
                        >
                          <h1
                            className="pf-c-title pf-m-2xl"
                          >
                            Executing Task
                          </h1>
                        </Title>
                      </header>
                    </ModalBoxHeader>
                    <ModalBoxBody
                      id="pf-modal-part-2"
                    >
                      <div
                        className="pf-c-modal-box__body"
                        id="pf-modal-part-2"
                      >
                        <TextContent>
                          <div
                            className="pf-c-content"
                          >
                            <Text>
                              <p
                                className=""
                                data-pf-content={true}
                              >
                                The form has been submitted
                              </p>
                            </Text>
                          </div>
                        </TextContent>
                      </div>
                    </ModalBoxBody>
                    <ModalBoxFooter>
                      <footer
                        className="pf-c-modal-box__footer"
                      >
                        <Button
                          key="confirm-selection"
                          onClick={[MockFunction]}
                          variant="primary"
                        >
                          <button
                            aria-disabled={false}
                            aria-label={null}
                            className="pf-c-button pf-m-primary"
                            data-ouia-component-id={2}
                            data-ouia-component-type="PF4/Button"
                            data-ouia-safe={true}
                            disabled={false}
                            onClick={[MockFunction]}
                            type="button"
                          >
                            OK
                          </button>
                        </Button>
                      </footer>
                    </ModalBoxFooter>
                  </div>
                </ModalBox>
              </div>
            </FocusTrap>
          </div>
        </Backdrop>
      </ModalContent>
    </Portal>
  </Modal>
</FormNotification>
`;
