// Jest Snapshot v1, https://goo.gl/fbAQLP

exports[`KogitoAppContextProvider tests Test context with auth 1`] = `
<KogitoAppContextProvider
  userContext={
    KeycloakUserContext {
      "currentUser": DefaultUser {
        "groups": Array [
          "user",
          "manager",
        ],
        "id": "jdoe",
      },
      "token": "token",
    }
  }
>
  <MockedComponent
    context={
      AppContextImpl {
        "environment": Object {
          "mode": 1,
        },
        "userContext": KeycloakUserContext {
          "currentUser": DefaultUser {
            "groups": Array [
              "user",
              "manager",
            ],
            "id": "jdoe",
          },
          "token": "token",
        },
      }
    }
  />
</KogitoAppContextProvider>
`;

exports[`KogitoAppContextProvider tests Test context without auth 1`] = `
<KogitoAppContextProvider
  userContext={
    TestUserContextImpl {
      "currentUser": Object {
        "groups": Array [
          "employees",
        ],
        "id": "john",
      },
      "userManager": TestUserManagerImpl {
        "system": Array [
          "john",
          "mary",
          "poul",
        ],
        "users": Array [],
      },
    }
  }
>
  <MockedComponent
    context={
      AppContextImpl {
        "environment": Object {
          "mode": 0,
        },
        "userContext": TestUserContextImpl {
          "currentUser": Object {
            "groups": Array [
              "employees",
            ],
            "id": "john",
          },
          "userManager": TestUserManagerImpl {
            "system": Array [
              "john",
              "mary",
              "poul",
            ],
            "users": Array [],
          },
        },
      }
    }
  />
</KogitoAppContextProvider>
`;
