// Jest Snapshot v1, https://goo.gl/fbAQLP

exports[`EmbeddedWorkflowForm tests Snapshot 1`] = `
<div>
  <div />
</div>
`;
