// Jest Snapshot v1, https://goo.gl/fbAQLP

exports[`Runtime Tools tests Snapshot tests with default props 1`] = `
<RuntimeTools
  dataIndex="http:localhost:4000"
  navigate="JobsManagement"
  users={
    Array [
      Object {
        "groups": Array [
          "admin",
        ],
        "id": "John snow",
      },
    ]
  }
/>
`;
