// Jest Snapshot v1, https://goo.gl/fbAQLP

exports[`EmbeddedFormDisplayer tests Snapshot 1`] = `
<ForwardRef
  envelopePath="/resources/form-displayer.html"
  formContent={
    Object {
      "configuration": Object {
        "resources": Object {
          "scripts": Object {},
          "styles": Object {},
        },
        "schema": "json schema",
      },
      "formInfo": Object {
        "lastModified": 2021-08-23T13:26:02.130Z,
        "name": "react_hiring_HRInterview",
        "type": "TSX",
      },
      "source": "react source code",
    }
  }
  targetOrigin="origin"
>
  <ForwardRef>
    <iframe
      src="/resources/form-displayer.html"
      style={
        Object {
          "border": "none",
          "display": "flex",
          "flex": 1,
          "flexDirection": "column",
          "height": "100%",
          "margin": 0,
          "overflow": "hidden",
          "padding": 0,
          "width": "100%",
        }
      }
      title="X"
    />
  </ForwardRef>
</ForwardRef>
`;
