// Jest Snapshot v1, https://goo.gl/fbAQLP

exports[`KeycloakUnavailablePage test render the page 1`] = `
<KeycloakUnavailablePage>
  <div
    data-ouia-component-type="server-unavailable"
    data-ouia-safe={true}
    style={
      Object {
        "background": "#868686",
        "display": "flex",
        "height": "100%",
        "justifyContent": "center",
        "paddingTop": "5%",
      }
    }
  >
     
    <Card
      style={
        Object {
          "maxHeight": "300px",
        }
      }
    >
      <article
        className="pf-c-card"
        data-ouia-component-id="OUIA-Generated-Card-1"
        data-ouia-component-type="PF4/Card"
        data-ouia-safe={true}
        id=""
        style={
          Object {
            "maxHeight": "300px",
          }
        }
      >
        <CardHeader>
          <div
            className="pf-c-card__header"
          >
            <CardHeaderMain>
              <div
                className=""
              >
                <Brand
                  alt="Kogito keycloak"
                  src="kogito.png"
                  style={
                    Object {
                      "height": "30px",
                    }
                  }
                >
                  <img
                    alt="Kogito keycloak"
                    className="pf-c-brand"
                    src="kogito.png"
                    style={
                      Object {
                        "height": "30px",
                      }
                    }
                  />
                </Brand>
              </div>
            </CardHeaderMain>
          </div>
        </CardHeader>
        <CardBody
          isFilled={false}
        >
          <div
            className="pf-c-card__body pf-m-no-fill"
          />
        </CardBody>
        <CardTitle>
          <div
            className="pf-c-card__title"
          >
            Error:503 - Server unavailable
          </div>
        </CardTitle>
        <CardBody
          isFilled={false}
        >
          <div
            className="pf-c-card__body pf-m-no-fill"
          />
        </CardBody>
        <CardBody>
          <div
            className="pf-c-card__body"
          >
            Sorry.. the keycloak server seems to be down
          </div>
        </CardBody>
        <CardBody
          isFilled={false}
        >
          <div
            className="pf-c-card__body pf-m-no-fill"
          />
        </CardBody>
        <Bullseye>
          <div
            className="pf-l-bullseye"
          >
            <span>
              Please contact administrator or
               
              <Button
                isInline={true}
                onClick={[Function]}
                variant="link"
              >
                <button
                  aria-disabled={false}
                  aria-label={null}
                  className="pf-c-button pf-m-link pf-m-inline"
                  data-ouia-component-id="OUIA-Generated-Button-link-1"
                  data-ouia-component-type="PF4/Button"
                  data-ouia-safe={true}
                  disabled={false}
                  onClick={[Function]}
                  role={null}
                  type="button"
                >
                  click here to retry
                </button>
              </Button>
            </span>
          </div>
        </Bullseye>
        <CardBody
          isFilled={false}
        >
          <div
            className="pf-c-card__body pf-m-no-fill"
          />
        </CardBody>
      </article>
    </Card>
  </div>
</KeycloakUnavailablePage>
`;
